---
source: crates/ganja-tui/src/app.rs
expression: screen(&terminal)
---
ganja                                                                           
[done] edit: a.rs                                                               
@@ -1,2 +1,2 @@                                                                 
-old line                                                                       
+new line                                                                       
context line                                                                    
                                                                                
                                                                                
                                                                                
                                                                                
                                                                                
                                                                                
                                                                                
                                                                                
                                                                                
                                                                                
                                                                                
                                                                                
┌ message ─────────────────────────────────────────────────────────────────────┐
│ Ask ganja something...                                                       │
│                                                                              │
│                                                                              │
└──────────────────────────────────────────────────────────────────────────────┘
ready
