---
source: crates/ganja-tui/src/app.rs
expression: screen(&terminal)
---
ganja                                                                           
[running] shell                                                                 
                                                                                
                                                                                
                                                                                
                                                                                
                                                                                
                                                                                
                                                                                
                                                                                
                                                                                
                                                                                
                                                                                
                                                                                
                                                                                
                                                                                
                                                                                
                                                                                
┌ message ─────────────────────────────────────────────────────────────────────┐
│ Ask ganja something...                                                       │
│                                                                              │
│                                                                              │
└──────────────────────────────────────────────────────────────────────────────┘
ready                  Enter send · Alt+Enter newline · Esc cancel · Ctrl-C quit
