---
source: crates/ganja-tui/src/app.rs
expression: styled_screen(&terminal)
---
 0 ["> show me every color you have" Rgb(162, 119, 255) on Rgb(15, 15, 15)] ["                                                  " Reset on Rgb(15, 15, 15)]
 1 ["                                                                                " Reset on Rgb(15, 15, 15)]
 2 ["● One edit applied, one command refused." Rgb(237, 236, 238) on Rgb(15, 15, 15)] ["                                        " Reset on Rgb(15, 15, 15)]
 3 ["● Edit(filePath: \"theme.rs\")" Rgb(237, 236, 238) on Rgb(15, 15, 15)] ["                                                    " Reset on Rgb(15, 15, 15)]
 4 ["  ⎿ theme.rs" Rgb(237, 236, 238) on Rgb(15, 15, 15)] ["                                                                    " Reset on Rgb(15, 15, 15)]
 5 ["    @@ -1,2 +1,2 @@" Rgb(109, 109, 109) on Rgb(15, 15, 15)] ["                                                             " Reset on Rgb(15, 15, 15)]
 6 ["    -let theme = Theme::default();" Rgb(255, 103, 103) on Rgb(15, 15, 15)] ["                                              " Reset on Rgb(15, 15, 15)]
 7 ["    +let theme = themes.theme();" Rgb(97, 255, 202) on Rgb(15, 15, 15)] ["                                                " Reset on Rgb(15, 15, 15)]
 8 ["    context" Rgb(109, 109, 109) on Rgb(15, 15, 15)] ["                                                                     " Reset on Rgb(15, 15, 15)]
 9 ["● Bash(command: \"rm -rf /\")" Rgb(255, 103, 103) on Rgb(15, 15, 15)] ["                                                     " Reset on Rgb(15, 15, 15)]
10 ["  ⎿ [error] refused: destructive command" Rgb(255, 103, 103) on Rgb(15, 15, 15)] ["                                        " Reset on Rgb(15, 15, 15)]
11 ["                                                                                " Reset on Rgb(15, 15, 15)]
12 ["                                                                                " Reset on Rgb(15, 15, 15)]
13 ["                                                                                " Reset on Rgb(15, 15, 15)]
14 ["                                                                                " Reset on Rgb(15, 15, 15)]
15 ["                                                                                " Reset on Rgb(15, 15, 15)]
16 ["                                                                                " Reset on Rgb(15, 15, 15)]
17 ["                                                                                " Reset on Rgb(15, 15, 15)]
18 ["┌ message ─────────────────────────────────────────────────────────────────────┐" Rgb(109, 109, 109) on Rgb(15, 15, 15)]
19 ["│" Rgb(109, 109, 109) on Rgb(15, 15, 15)] [" " Rgb(109, 109, 109) on Rgb(15, 15, 15) REVERSED] ["Ask ganja something...                                                       │" Rgb(109, 109, 109) on Rgb(15, 15, 15)]
20 ["│                                                                              │" Rgb(109, 109, 109) on Rgb(15, 15, 15)]
21 ["│                                                                              │" Rgb(109, 109, 109) on Rgb(15, 15, 15)]
22 ["└──────────────────────────────────────────────────────────────────────────────┘" Rgb(109, 109, 109) on Rgb(15, 15, 15)]
23 ["ready" Rgb(162, 119, 255) on Rgb(15, 15, 15)] ["                                                                           " Reset on Rgb(15, 15, 15)]
