---
source: crates/ganja-tui/src/app.rs
assertion_line: 10504
expression: screen(&terminal)
---
                                                                                
                                                                                
  ┌ usage ───────────────────────────────────────────────────────────────────┐  
  │Session                                                                   │  
  │  Total cost:      unpriced — uncataloged model                           │  
  │  Total duration:  0s                                                     │  
  │  Usage by model:                                                         │  
  │    canned:  1.2k input, 34 output, 5 reasoning, 600 cache read, 100 cache│  
  │                                                                          │  
  │Context                                                                   │  
  │  unsized model — no window to meter                                      │  
  │                                                                          │  
  │Cache                                                                     │  
  │  ██████░░░░░░░░░░░░░░ 32% of input read from cache                       │  
  │                                                                          │  
  │Turns                                                                     │  
  │  turn             in      out   reason  cache-r  cache-w     cost        │  
  │  _fixture       1200       34        5      600      100        -        │  
  │                                                                          │  
  │plan limits (5h/weekly) unavailable: no vendor usage API                  │  
  │                                                                          │  
  │[Esc] close                                                               │  
  └──────────────────────────────────────────────────────────────────────────┘  
                                                                                
┌ message ─────────────────────────────────────────────────────────────────────┐
│ Ask ganja something...                                                       │
│                                                                              │
│                                                                              │
└──────────────────────────────────────────────────────────────────────────────┘
ready · 1.9k in · 34 out
