---
source: crates/ganja-tui/src/app_tests.rs
expression: screen(&terminal)
---
                                                                                
                                                                                
                                                                                
                                                                                
                                                                                
                                                                                
  ┌ teammate ────────────────────────────────────────────────────────────────┐  
  │w1                                                                        │  
  │> Message…                                                                │  
  │  Shutdown                                                                │  
  │                                                                          │  
  │[j/k] [up/down] move   [Enter] run   [Esc] close                          │  
  └──────────────────────────────────────────────────────────────────────────┘  
                                                                                
                                                                                
                                                                                
                                                                                
                                                                                
┌ message ─────────────────────────────────────────────────────────────────────┐
│ Ask ganja something...                                                       │
│                                                                              │
│                                                                              │
└──────────────────────────────────────────────────────────────────────────────┘
ready
