---
source: crates/ganja-tui/src/app.rs
expression: screen(&terminal)
---
✓ Explore Task — find every caller of resolve                                   
↳ 9 toolcalls · 23.5s                                                           
                                                                                
                                                                                
                                                                                
                                                                                
                                                                                
                                                                                
                                                                                
                                                                                
                                                                                
                                                                                
                                                                                
                                                                                
                                                                                
                                                                                
                                                                                
                                                                                
┌ message ─────────────────────────────────────────────────────────────────────┐
│ Ask ganja something...                                                       │
│                                                                              │
│                                                                              │
└──────────────────────────────────────────────────────────────────────────────┘
⠋ streaming
