---
source: crates/ganja-tui/src/app.rs
expression: screen(&terminal)
---
/ T R A N S C R I P T / / / / / / / / / / / / / / / / / / / / / / / / / / / / / 
[1] transcript   [2] log   [3] tokens                                           
no session yet                                                                  
Showing transcript · q/esc close · up/down/pgup/pgdn scroll       transcript · —
