---
source: crates/ganja-tui/src/app.rs
expression: screen(&terminal)
---
ganja                                                                           
[error] shell: rm -rf /                                                         
refused: destructive command                                                    
                                                                                
                                                                                
                                                                                
                                                                                
                                                                                
                                                                                
                                                                                
                                                                                
                                                                                
                                                                                
                                                                                
                                                                                
                                                                                
                                                                                
                                                                                
┌ message ─────────────────────────────────────────────────────────────────────┐
│ Ask ganja something...                                                       │
│                                                                              │
│                                                                              │
└──────────────────────────────────────────────────────────────────────────────┘
ready                  Enter send · Alt+Enter newline · Esc cancel · Ctrl-C quit
