---
source: crates/ganja-tui/src/app.rs
assertion_line: 9579
expression: screen(&terminal)
---
                                                                                
                                                                                
                                                                                
                                                                                
                                                                                
                                                                                
┌ skills ──────────────────────────────────────────────────────────────────────┐
│> porting  (user) How to port a module.                                       │
│  tdd      (user) Red, green.                                                 │
└──────────────────────────────────────────────────────────────────────────────┘
┌ message ─────────────────────────────────────────────────────────────────────┐
│use $                                                                         │
│                                                                              │
│                                                                              │
└──────────────────────────────────────────────────────────────────────────────┘
ready
