---
source: crates/ganja-tui/src/app.rs
expression: screen(&terminal)
---
                                                                                
  ┌ mcp ─────────────────────────────────────────────────────────────────────┐  
  │> broken  Failed    - tools  /nonexistent-ganja-fixture could not be start│  
  │                                                                          │  
  │[j/k] [up/down] move   [Enter] actions   [Esc] close                      │  
  │                                                                          │  
  │                                                                          │  
  │                                                                          │  
  │                                                                          │  
  │                                                                          │  
  │                                                                          │  
  │                                                                          │  
  │                                                                          │  
  │                                                                          │  
  │                                                                          │  
  │                                                                          │  
  └──────────────────────────────────────────────────────────────────────────┘  
                                                                                
┌ message ─────────────────────────────────────────────────────────────────────┐
│ Ask ganja something...                                                       │
│                                                                              │
│                                                                              │
└──────────────────────────────────────────────────────────────────────────────┘
ready                  Enter send · Alt+Enter newline · Esc cancel · Ctrl-C quit
