---
source: crates/ganja-tui/src/app.rs
assertion_line: 9492
expression: screen(&terminal)
---
                                                                                
                                                                                
                                                                                
                                                                                
                                                                                
                                                                                
┌ skills ──────────────────────────────────────────────────────────────────────┐
│> porting  How to port a module.                                              │
│  tdd      Red, green.                                                        │
└──────────────────────────────────────────────────────────────────────────────┘
┌ message ─────────────────────────────────────────────────────────────────────┐
│use $                                                                         │
│                                                                              │
│                                                                              │
└──────────────────────────────────────────────────────────────────────────────┘
ready
