---
source: crates/ganja-tui/src/app.rs
assertion_line: 10442
expression: screen(&terminal)
---
                                                                                
  ┌ context ─────────────────────────────────────────────────────────────────┐  
  │Context Usage                                                             │  
  │⛁ ⛁ ⛁ ⛁ ⛁ ⛁ ⛁ ⛁ ⛁ ⛁ ⛁ ⛁ ⛁ ⛁ ⛁ ⛁ ⛁ ⛁ ⛁ ⛁                                   │  
  │⛁ ⛁ ⛁ ⛁ ⛁ ⛁ ⛁ ⛁ ⛁ ⛁ ⛁ ⛁ ⛁ ⛁ ⛁ ⛁ ⛁ ⛁ ⛁ ⛁                                   │  
  │⛁ ⛁ ⛁ ⛁ ⛁ ⛁ ⛁ ⛁ ⛁ ⛁ ⛁ ⛁ ⛁ ⛁ ⛁ ⛁ ⛁ ⛁ ⛁ ⛁                                   │  
  │⛶ ⛶ ⛶ ⛶ ⛶ ⛶ ⛶ ⛶ ⛶ ⛶ ⛶ ⛶ ⛶ ⛶ ⛶ ⛶ ⛶ ⛶ ⛶ ⛶                                   │  
  │⛶ ⛶ ⛶ ⛶ ⛶ ⛶ ⛶ ⛶ ⛶ ⛶ ⛶ ⛶ ⛶ ⛶ ⛶ ⛶ ⛶ ⛶ ⛶ ⛶                                   │  
  │⛶ ⛶ ⛶ ⛶ ⛶ ⛶ ⛶ ⛶ ⛶ ⛶ ⛶ ⛶ ⛶ ⛶ ⛶ ⛶ ⛶ ⛶ ⛶ ⛶                                   │  
  │⛶ ⛶ ⛶ ⛶ ⛶ ⛶ ⛶ ⛶ ⛶ ⛶ ⛶ ⛶ ⛶ ⛶ ⛶ ⛶ ⛶ ⛶ ⛶ ⛶                                   │  
  │⛶ ⛶ ⛶ ⛶ ⛶ ⛶ ⛶ ⛶ ⛶ ⛶ ⛶ ⛶ ⛶ ⛶ ⛶ ⛶ ⛶ ⛶ ⛶ ⛶                                   │  
  │⛶ ⛶ ⛶ ⛶ ⛶ ⛶ ⛶ ⛶ ⛶ ⛶ ⛶ ⛶ ⛶ ⛶ ⛶ ⛶ ⛶ ⛶ ⛶ ⛶                                   │  
  │⛶ ⛶ ⛶ ⛶ ⛶ ⛶ ⛶ ⛶ ⛶ ⛶ ⛶ ⛶ ⛶ ⛶ ⛶ ⛶ ⛶ ⛶ ⛶ ⛶                                   │  
  │                                                                          │  
  │claude-sonnet-5                                                           │  
  │30.0k/100.0k tokens (30%)                                                 │  
  │                                                                          │  
  │Estimated usage by category                                               │  
  │⛁ System prompt: 3.0k tokens (3.0%)                                       │  
  │⛁ System tools: 11.0k tokens (11.0%)                                      │  
  │⛁ MCP tools: 1.0k tokens (1.0%)                                           │  
  │⛁ Memory files: 2.0k tokens (2.0%)                                        │  
  │⛁ Skills: 500 tokens (0.5%)                                               │  
  │⛁ Messages: 12.5k tokens (12.5%)                                          │  
  │⛶ Autocompact reserve: 10.0k tokens (10.0%)                               │  
  │⛶ Free space: 60.0k (60.0%)                                               │  
  │                                                                          │  
  │[Esc] close                                                               │  
  └──────────────────────────────────────────────────────────────────────────┘  
                                                                                
┌ message ─────────────────────────────────────────────────────────────────────┐
│ Ask ganja something...                                                       │
│                                                                              │
│                                                                              │
└──────────────────────────────────────────────────────────────────────────────┘
ready                  Enter send · Alt+Enter newline · Esc cancel · Ctrl-C quit
