---
source: crates/ganja-tui/src/app.rs
expression: screen(&terminal)
---
> the question that stands                                                      
  ┌ rewind ──────────────────────────────────────────────────────────────────┐  
● │> (Current)                                                               │  
  │  the question that is taken back                        ⚠ No code restore│  
> │  the question that stands                               ⚠ No code restore│  
  │                                                                          │  
● │[j/k] [up/down] move   [Enter] continue   [Esc] cancel                    │  
  │                                                                          │  
  │                                                                          │  
  │                                                                          │  
  │                                                                          │  
  │                                                                          │  
  └──────────────────────────────────────────────────────────────────────────┘  
                                                                                
┌ message ─────────────────────────────────────────────────────────────────────┐
│ Ask ganja something...                                                       │
│                                                                              │
│                                                                              │
└──────────────────────────────────────────────────────────────────────────────┘
ready
