---
source: crates/ganja-tui/src/app.rs
expression: screen(&terminal)
---
you                                                                             
show me every color you have                                                    
                                                                                
ganja                                                                           
One edit applied, one command refused.                                          
[done] edit: theme.rs                                                           
┌ commands ────────────────────────────────────────────────────────────────────┐
│> /compact       Summarize the conversation so far and carry on from it       │
│  /sessions      Reopen a conversation this project has stored                │
│  /agents        Run the rest of this session as a different agent            │
│  /copy          Put the whole conversation on the clipboard, as markdown     │
│  /effort        Run the model under one of its catalog efforts               │
│  /init          guided AGENTS.md setup                                       │
│  /mcp           See what every configured server lends, and reconnect a faile│
│  /models        Ask the rest of this session of a different model            │
│  /new           Leave this conversation and start an empty one               │
│  /themes        Repaint the screen in another palette                        │
└──────────────────────────────────────────────────────────────────────────────┘
┌ message ─────────────────────────────────────────────────────────────────────┐
│/s                                                                            │
│                                                                              │
│                                                                              │
└──────────────────────────────────────────────────────────────────────────────┘
ready                  Enter send · Alt+Enter newline · Esc cancel · Ctrl-C quit
