---
source: crates/ganja-tui/src/app.rs
expression: screen(&terminal)
---
│ Explore Task — find every caller of resolve                                   
↳ grep resolve                                                                  
                                                                                
                                                                                
                                                                                
                                                                                
                                                                                
                                                                                
                                                                                
                                                                                
                                                                                
                                                                                
                                                                                
                                                                                
                                                                                
                                                                                
                                                                                
                                                                                
┌ message ─────────────────────────────────────────────────────────────────────┐
│ Ask ganja something...                                                       │
│                                                                              │
│                                                                              │
└──────────────────────────────────────────────────────────────────────────────┘
tool: task
