---
source: crates/ganja-tui/src/app.rs
expression: screen(&terminal)
---
you                                                                             
show┌ help ────────────────────────────────────────────────────────────────┐    
    │/sessions      Switch session                                   ctrl+s│    
ganj│/new           New session                                            │    
One │/compact       Compact session                                        │    
[don│/editor        Open editor                                            │    
@@ -│/models        Switch model                                           │    
-let│/effort        Switch model effort                                    │    
+let│/agents        Switch agent                                           │    
cont│/themes        Switch theme                                           │    
[err│/mcp           MCP servers                                            │    
refu│/context       Context usage                                          │    
    │/usage         Session usage                                          │    
    │/plugin        Plugins                                                │    
    │                                                                      │    
    │[up/down] scroll   [Esc] close                              1-12 of 27│    
    └──────────────────────────────────────────────────────────────────────┘    
                                                                                
┌ message ─────────────────────────────────────────────────────────────────────┐
│ Ask ganja something...                                                       │
│                                                                              │
│                                                                              │
└──────────────────────────────────────────────────────────────────────────────┘
ready
