---
source: crates/ganja-tui/src/app.rs
expression: styled_screen(&terminal)
---
 0 ["> show me every color you have" Rgb(255, 150, 108) on Rgb(26, 27, 38)] ["                                                  " Reset on Rgb(26, 27, 38)]
 1 ["        " Reset on Rgb(26, 27, 38)] ["┌ commands ────────────────────────────────────────────────────┐" Rgb(200, 211, 245) on Rgb(30, 32, 48)] ["        " Reset on Rgb(26, 27, 38)]
 2 ["● One ed" Rgb(200, 211, 245) on Rgb(26, 27, 38)] ["│" Rgb(200, 211, 245) on Rgb(30, 32, 48)] ["search commands" Rgb(130, 139, 184) on Rgb(30, 32, 48)] ["                                               │" Rgb(200, 211, 245) on Rgb(30, 32, 48)] ["        " Reset on Rgb(26, 27, 38)]
 3 ["● " Rgb(195, 232, 141) on Rgb(26, 27, 38)] ["Edit(f" Rgb(200, 211, 245) on Rgb(26, 27, 38)] ["│" Rgb(200, 211, 245) on Rgb(30, 32, 48)] ["suggested" Rgb(255, 150, 108) on Rgb(30, 32, 48)] ["                                                     │" Rgb(200, 211, 245) on Rgb(30, 32, 48)] ["        " Reset on Rgb(26, 27, 38)]
 4 ["  ⎿ them" Rgb(200, 211, 245) on Rgb(26, 27, 38)] ["│  /sessions      Switch session                         ctrl+s│" Rgb(200, 211, 245) on Rgb(30, 32, 48)] ["        " Reset on Rgb(26, 27, 38)]
 5 ["    @@ -" Rgb(130, 139, 184) on Rgb(26, 27, 38)] ["│" Rgb(200, 211, 245) on Rgb(30, 32, 48)] ["> /models        Switch model                                 " Rgb(26, 27, 38) on Rgb(130, 170, 255)] ["│" Rgb(200, 211, 245) on Rgb(30, 32, 48)] ["        " Reset on Rgb(26, 27, 38)]
 6 ["    -let" Rgb(197, 59, 83) on Rgb(26, 27, 38)] ["│" Rgb(200, 211, 245) on Rgb(30, 32, 48)] ["session" Rgb(255, 150, 108) on Rgb(30, 32, 48)] ["                                                       │" Rgb(200, 211, 245) on Rgb(30, 32, 48)] ["        " Reset on Rgb(26, 27, 38)]
 7 ["    +let" Rgb(79, 214, 190) on Rgb(26, 27, 38)] ["│  /sessions      Switch session                         ctrl+s│" Rgb(200, 211, 245) on Rgb(30, 32, 48)] ["        " Reset on Rgb(26, 27, 38)]
 8 ["    cont" Rgb(130, 139, 184) on Rgb(26, 27, 38)] ["│  /new           New session                                  │" Rgb(200, 211, 245) on Rgb(30, 32, 48)] ["        " Reset on Rgb(26, 27, 38)]
 9 ["● " Rgb(255, 117, 127) on Rgb(26, 27, 38)] ["Bash(c" Rgb(200, 211, 245) on Rgb(26, 27, 38)] ["│  /compact       Compact session                              │" Rgb(200, 211, 245) on Rgb(30, 32, 48)] ["        " Reset on Rgb(26, 27, 38)]
10 ["  ⎿ [err" Rgb(255, 117, 127) on Rgb(26, 27, 38)] ["│  /editor        Open editor                                  │" Rgb(200, 211, 245) on Rgb(30, 32, 48)] ["        " Reset on Rgb(26, 27, 38)]
11 ["        " Reset on Rgb(26, 27, 38)] ["│" Rgb(200, 211, 245) on Rgb(30, 32, 48)] ["agent" Rgb(255, 150, 108) on Rgb(30, 32, 48)] ["                                                         │" Rgb(200, 211, 245) on Rgb(30, 32, 48)] ["        " Reset on Rgb(26, 27, 38)]
12 ["        " Reset on Rgb(26, 27, 38)] ["│  /models        Switch model                                 │" Rgb(200, 211, 245) on Rgb(30, 32, 48)] ["        " Reset on Rgb(26, 27, 38)]
13 ["        " Reset on Rgb(26, 27, 38)] ["│  /effort        Switch model effort                          │" Rgb(200, 211, 245) on Rgb(30, 32, 48)] ["        " Reset on Rgb(26, 27, 38)]
14 ["        " Reset on Rgb(26, 27, 38)] ["│                                                              │" Rgb(200, 211, 245) on Rgb(30, 32, 48)] ["        " Reset on Rgb(26, 27, 38)]
15 ["        " Reset on Rgb(26, 27, 38)] ["│" Rgb(200, 211, 245) on Rgb(30, 32, 48)] ["[type] filter   [up/down] move   [Enter] run   [Esc] close" Rgb(130, 139, 184) on Rgb(30, 32, 48)] ["    │" Rgb(200, 211, 245) on Rgb(30, 32, 48)] ["        " Reset on Rgb(26, 27, 38)]
16 ["        " Reset on Rgb(26, 27, 38)] ["└──────────────────────────────────────────────────────────────┘" Rgb(200, 211, 245) on Rgb(30, 32, 48)] ["        " Reset on Rgb(26, 27, 38)]
17 ["                                                                                " Reset on Rgb(26, 27, 38)]
18 ["┌ message ─────────────────────────────────────────────────────────────────────┐" Rgb(130, 139, 184) on Rgb(26, 27, 38)]
19 ["│ Ask ganja something...                                                       │" Rgb(130, 139, 184) on Rgb(26, 27, 38)]
20 ["│                                                                              │" Rgb(130, 139, 184) on Rgb(26, 27, 38)]
21 ["│                                                                              │" Rgb(130, 139, 184) on Rgb(26, 27, 38)]
22 ["└──────────────────────────────────────────────────────────────────────────────┘" Rgb(130, 139, 184) on Rgb(26, 27, 38)]
23 ["ready" Rgb(255, 150, 108) on Rgb(26, 27, 38)] ["                                                                           " Reset on Rgb(26, 27, 38)]
