---
source: crates/ganja-tui/src/app.rs
expression: screen(&terminal)
---
                                                                                
                                                                                
                                                                                
                                                                                
                                                                                
                                                                                
                                                                                
┌ mentions ────────────────────────────────────────────────────────────────────┐
│> backend  (session) /work/backend                                            │
└──────────────────────────────────────────────────────────────────────────────┘
┌ message ─────────────────────────────────────────────────────────────────────┐
│ping @back                                                                    │
│                                                                              │
│                                                                              │
└──────────────────────────────────────────────────────────────────────────────┘
ready
