---
source: crates/ganja-tui/src/app.rs
expression: screen(&terminal)
---
> show me every color you have                                                  
    ┌ agents ──────────────────────────────────────────────────────────────┐    
● On│> * build  The default agent. Executes tools based on configured permi│    
● Ed│    plan   Plan mode. Disallows all edit tools.                       │    
  ⎿ │                                                                      │    
    │[j/k] [up/down] move   [Enter] switch   [Esc] close                   │    
    │                                                                      │    
    │                                                                      │    
    │                                                                      │    
● Ba│                                                                      │    
  ⎿ │                                                                      │    
    │                                                                      │    
    │                                                                      │    
    │                                                                      │    
    │                                                                      │    
    │                                                                      │    
    └──────────────────────────────────────────────────────────────────────┘    
                                                                                
┌ message ─────────────────────────────────────────────────────────────────────┐
│ Ask ganja something...                                                       │
│                                                                              │
│                                                                              │
└──────────────────────────────────────────────────────────────────────────────┘
build · ready
