---
source: crates/ganja-tui/src/app.rs
expression: screen(&terminal)
---
> show me every color you have                                                  
        ┌ commands ────────────────────────────────────────────────────┐        
● One ed│s                                                             │        
● Edit(f│session                                                       │        
  ⎿ them│> /compact       Compact session                              │        
    @@ -│  /sessions      Switch session                         ctrl+s│        
    -let│agent                                                         │        
    +let│  /agents        Switch agent                                 │        
    cont│system                                                        │        
● Bash(c│  /copy          Copy session transcript                      │        
  ⎿ [err│agent                                                         │        
        │  /effort        Switch model effort                          │        
        │system                                                        │        
        │  /mcp           MCP servers                                  │        
        │                                                              │        
        │[type] filter   [up/down] move   [Enter] run   [Esc] close    │        
        └──────────────────────────────────────────────────────────────┘        
                                                                                
┌ message ─────────────────────────────────────────────────────────────────────┐
│ Ask ganja something...                                                       │
│                                                                              │
│                                                                              │
└──────────────────────────────────────────────────────────────────────────────┘
ready
