---
source: crates/ganja-tui/src/app_tests.rs
expression: screen(&terminal)
---
                                                                                
  ┌ teammate ────────────────────────────────────────────────────────────────┐  
  │> team-lead  in-process  lead                                             │  
  │  w1         in-process                                                   │  
  │  ⎿ read(src/lib.rs)                                                      │  
  │  ⎿ grep(fn spawn)                                                        │  
  │  w2         claude                                                       │  
  │                                                                          │  
  │  Spawn teammate…                                                         │  
  │                                                                          │  
  │[j/k] [up/down] move   [Enter] choose   [Esc] close                       │  
  │                                                                          │  
  │                                                                          │  
  │                                                                          │  
  │                                                                          │  
  │                                                                          │  
  └──────────────────────────────────────────────────────────────────────────┘  
                                                                                
┌ message ─────────────────────────────────────────────────────────────────────┐
│ Ask ganja something...                                                       │
│                                                                              │
│                                                                              │
└──────────────────────────────────────────────────────────────────────────────┘
ready
