---
source: crates/ganja-tui/src/app.rs
expression: styled_screen(&terminal)
---
 0 ["> show me every color you have" Rgb(142, 192, 124) on Rgb(40, 40, 40)] ["                                                  " Reset on Rgb(40, 40, 40)]
 1 ["                                                                                " Reset on Rgb(40, 40, 40)]
 2 ["● One edit applied, one command refused." Rgb(235, 219, 178) on Rgb(40, 40, 40)] ["                                        " Reset on Rgb(40, 40, 40)]
 3 ["● " Rgb(184, 187, 38) on Rgb(40, 40, 40)] ["Edit(filePath: \"theme.rs\")" Rgb(235, 219, 178) on Rgb(40, 40, 40)] ["                                                    " Reset on Rgb(40, 40, 40)]
 4 ["  ⎿ theme.rs" Rgb(235, 219, 178) on Rgb(40, 40, 40)] ["                                                                    " Reset on Rgb(40, 40, 40)]
 5 ["    @@ -1,2 +1,2 @@" Rgb(146, 131, 116) on Rgb(40, 40, 40)] ["                                                             " Reset on Rgb(40, 40, 40)]
 6 ["    -let theme = Theme::default();" Rgb(204, 36, 29) on Rgb(40, 40, 40)] ["                                              " Reset on Rgb(40, 40, 40)]
 7 ["    +let theme = themes.theme();" Rgb(152, 151, 26) on Rgb(40, 40, 40)] ["                                                " Reset on Rgb(40, 40, 40)]
 8 ["    context" Rgb(146, 131, 116) on Rgb(40, 40, 40)] ["                                                                     " Reset on Rgb(40, 40, 40)]
 9 ["● " Rgb(251, 73, 52) on Rgb(40, 40, 40)] ["Bash(command: \"rm -rf /\")" Rgb(235, 219, 178) on Rgb(40, 40, 40)] ["                                                     " Reset on Rgb(40, 40, 40)]
10 ["  ⎿ [error] refused: destructive command" Rgb(251, 73, 52) on Rgb(40, 40, 40)] ["                                        " Reset on Rgb(40, 40, 40)]
11 ["                                                                                " Reset on Rgb(40, 40, 40)]
12 ["                                                                                " Reset on Rgb(40, 40, 40)]
13 ["                                                                                " Reset on Rgb(40, 40, 40)]
14 ["                                                                                " Reset on Rgb(40, 40, 40)]
15 ["                                                                                " Reset on Rgb(40, 40, 40)]
16 ["                                                                                " Reset on Rgb(40, 40, 40)]
17 ["                                                                                " Reset on Rgb(40, 40, 40)]
18 ["┌ message ─────────────────────────────────────────────────────────────────────┐" Rgb(146, 131, 116) on Rgb(40, 40, 40)]
19 ["│" Rgb(146, 131, 116) on Rgb(40, 40, 40)] [" " Rgb(146, 131, 116) on Rgb(40, 40, 40) REVERSED] ["Ask ganja something...                                                       │" Rgb(146, 131, 116) on Rgb(40, 40, 40)]
20 ["│                                                                              │" Rgb(146, 131, 116) on Rgb(40, 40, 40)]
21 ["│                                                                              │" Rgb(146, 131, 116) on Rgb(40, 40, 40)]
22 ["└──────────────────────────────────────────────────────────────────────────────┘" Rgb(146, 131, 116) on Rgb(40, 40, 40)]
23 ["ready" Rgb(142, 192, 124) on Rgb(40, 40, 40)] ["                                                                           " Reset on Rgb(40, 40, 40)]
