---
source: crates/ganja-tui/src/app.rs
expression: screen(&terminal)
---
                                                                                
  ┌ permission ──────────────────────────────────────────────────────────────┐  
  │tool: shell                                                               │  
  │cargo test                                                                │  
  │                                                                          │  
  │{                                                                         │  
  │  "command": "cargo test"                                                 │  
  │}                                                                         │  
  │                                                                          │  
  │[y] allow once   [a] always allow   [n]/[Esc] reject                      │  
  │                                                                          │  
  │                                                                          │  
  │                                                                          │  
  │                                                                          │  
  │                                                                          │  
  │                                                                          │  
  └──────────────────────────────────────────────────────────────────────────┘  
                                                                                
┌ message ─────────────────────────────────────────────────────────────────────┐
│ Ask ganja something...                                                       │
│                                                                              │
│                                                                              │
└──────────────────────────────────────────────────────────────────────────────┘
ready
