---
source: crates/ganja-tui/src/app.rs
expression: screen(&terminal)
---
> the turn to steer                                                             
                                                                                
                                                                                
                                                                                
                                                                                
                                                                                
│ run the tests too                                                             
│ and then commit                                                               
press up to edit queued messages                                                
∴ Thinking… (0s)                                                                
┌ message ─────────────────────────────────────────────────────────────────────┐
│ Ask ganja something...                                                       │
│                                                                              │
│                                                                              │
└──────────────────────────────────────────────────────────────────────────────┘
⠋ streaming · 2 queued
