---
source: crates/ganja-tui/src/app.rs
expression: screen(&terminal)
---
> the question that stands                                                      
  ┌ rewind ──────────────────────────────────────────────────────────────────┐  
● │the question that is taken back                                           │  
  │Restore the code and/or conversation to the point before this message     │  
> │> Code and conversation                                                   │  
  │    Put the files back and take the messages back with them               │  
● │  Conversation only                                                       │  
  │    Take the messages back and leave the working tree exactly as it is    │  
  │  Code only                                                               │  
  │    Put the files back and keep every message                             │  
  │                                                                          │  
  │[j/k] [up/down] move   [Enter] continue   [Esc] cancel                    │  
  └──────────────────────────────────────────────────────────────────────────┘  
                                                                                
┌ message ─────────────────────────────────────────────────────────────────────┐
│ Ask ganja something...                                                       │
│                                                                              │
│                                                                              │
└──────────────────────────────────────────────────────────────────────────────┘
ready
